<?xml version="1.0"?>
<top>
  <one>
    <before>
      <in>
  <one>1</one>
  <two>2</two>
  <three>3</three>
  <four>4</four>
  <five>5</five>
</in>
    </before>
    <after>
      <in>
  <one>1</one>
  <two>2</two>
  <three>3</three>
  <four>4</four>
  <five>5</five>
</in>
      <new>one</new>
    </after>
  </one>
  <two>
    <before>
  <one>1</one>
  <two>2</two>
  <three>3</three>
  <four>4</four>
  <five>5</five>
</before>
    <after>
  <one>1</one>
  <two>2</two>
  <three>3</three>
  <four>4</four>
  <five>5</five>
<new>one</new></after>
  </two>
</top>
