<?xml version="1.0" encoding="utf-8"?>
<one:root xmlns="http://six.example.com" xmlns:one="http://one.example.org" xmlns:two="http://two.example.org" xmlns:three="http://three.example.org">
  <element1 xmlns="http://four.example.com">
    <element2>Content 2</element2>
  </element1>
  <three:element3 xmlns="http://five.example.com">
    <element4>Content 4</element4>
    <two:element6>Content 6</two:element6>
  </three:element3>
  <element5>Content 5</element5>
</one:root>
