<?xml version="1.0"?>
<test xmlns:func="http://exslt.org/functions" xmlns:test-ns="http://xml.juniper.net/test">Between 0</test>
