{
    "one": {
        "xml": {
            "my-top": {
                "a": 1,
                "b": 2.5e-5
            }
        }
    },
    "two": {
        "xml": {
            "my-top": [
                1,
                2,
                3,
                4
            ]
        }
    },
    "three": {
        "xml": {
            "my-top": {
                "a": 1,
                "b": [
                    2,
                    3
                ]
            }
        }
    },
    "four": {
        "xml": {
            "my-top": [
                {
                    "a": 1
                },
                {
                    "b": 2
                },
                {
                    "c": 3
                }
            ]
        }
    },
    "five": {
        "xml": {
            "my-top": {
                "a": "fish",
                "b": "tur key",
                "c": "mon key suit"
            }
        }
    },
    "six": {
        "xml": {
            "my-top": {
                "Image": {
                    "Width": 800,
                    "Height": 600,
                    "Title": "View from 15th Floor",
                    "Thumbnail": {
                        "Url": "http://www.example.com/image/481989943",
                        "Height": 125,
                        "Width": "100"
                    },
                    "IDs": [
                        116,
                        943,
                        234,
                        38793
                    ]
                }
            }
        }
    },
    "seven": {
        "xml": {
            "my-top": [
                {
                    "precision": "zip",
                    "Latitude": 37.7668,
                    "Longitude": -122.3959,
                    "Address": "",
                    "City": "SAN FRANCISCO",
                    "State": "CA",
                    "Zip": "94107",
                    "Country": "US"
                },
                {
                    "precision": "zip",
                    "Latitude": 37.371991,
                    "Longitude": -122.026020,
                    "Address": "",
                    "City": "SUNNYVALE",
                    "State": "CA",
                    "Zip": "94085",
                    "Country": "US"
                }
            ]
        }
    },
    "eight": {
        "xml": {
            "my-top": [
                {
                    "a": "nrt\n\r\tnrt"
                }
            ]
        }
    },
    "nine": {
        "xml": {
            "my-top": {
                "name": "Skip Tracer",
                "location": "The city that never sleeps",
                "age": 5,
                "real": false,
                "cases": null,
                "equipment": [
                    "hat",
                    "desk",
                    "attitude"
                ]
            }
        }
    },
    "ten": {
        "xml": {
            "my-top": {
                "the\tend": 1,
                "moment of truth": 2.5e-5,
                "3com": "dead"
            }
        }
    }
}
