<?xml version="1.0"?>
<data>
  <localhost>
    <host>
      <hostname>localhost</hostname>
      <address-family>inet</address-family>
      <address>127.0.0.1</address>
    </host>
  </localhost>
  <one-twenty-seven>
    <host>
      <hostname>localhost</hostname>
      <alias>1.0.0.127.in-addr.arpa</alias>
      <address-family>inet</address-family>
      <address>127.0.0.1</address>
    </host>
  </one-twenty-seven>
</data>
