<?xml version="1.0"?>
<top>
  <one>
    <common/>
    <distinct/>
  </one>
  <two>
    <common>
      <item>5</item>
      <item>seven</item>
    </common>
    <distinct>
      <item>6</item>
    </distinct>
  </two>
  <results>
    <common>
      <has-spaces>
        <lots-of-spaces>
          <here>yes</here>
        </lots-of-spaces>
        <lots-of-spaces>
          <here>too</here>
        </lots-of-spaces>
      </has-spaces>
      <in-both>
        <interface>
          <name>ge-1/1/1</name>
          <unit>
            <name>1</name>
            <vlan-id>1</vlan-id>
            <family>
              <inet>
                <address>
                  <name>1.1.1.1/30</name>
                </address>
              </inet>
              <mpls>
              </mpls>
            </family>
          </unit>
        </interface>
      </in-both>
    </common>
    <distinct>
      <only-in-first>
        <mumble>
          <jumble>
            <gumble>test</gumble>
          </jumble>
        </mumble>
        <frumble>
          <jumble>
            <gumble>test</gumble>
          </jumble>
        </frumble>
      </only-in-first>
      <not-the-same>
        <a>alpha</a>
        <b>bravo</b>
        <c>charlie</c>
      </not-the-same>
      <also-not-the-same>
        <a>alpha</a>
        <b>bravo</b>
      </also-not-the-same>
    </distinct>
  </results>
  <results>
    <common>
      <a>5</a>
      <d>8</d>
      <e>
          <f x="a" y="b">10</f>
          <g>12</g>
        </e>
    </common>
    <distinct>
      <b>6</b>
      <c>7</c>
      <d>9</d>
      <e>
          <f>11</f>
          <g>12</g>
        </e>
    </distinct>
  </results>
  <results>
    <common>
      <a2>5</a2>
      <d>8</d>
      <e>
          <f x="a" y="b">10</f>
          <g>12</g>
        </e>
    </common>
    <distinct>
      <b>6</b>
      <c>7</c>
      <d>9</d>
      <e>
          <f>11</f>
          <g>12</g>
        </e>
    </distinct>
  </results>
  <more>
    <common>
      <has-spaces>
        <lots-of-spaces>
          <here>yes</here>
        </lots-of-spaces>
        <lots-of-spaces>
          <here>too</here>
        </lots-of-spaces>
      </has-spaces>
      <in-both>
        <interface>
          <name>ge-1/1/1</name>
          <unit>
            <name>1</name>
            <vlan-id>1</vlan-id>
            <family>
              <inet>
                <address>
                  <name>1.1.1.1/30</name>
                </address>
              </inet>
              <mpls>
              </mpls>
            </family>
          </unit>
        </interface>
      </in-both>
    </common>
    <distinct>
      <only-in-first>
        <mumble>
          <jumble>
            <gumble>test</gumble>
          </jumble>
        </mumble>
        <frumble>
          <jumble>
            <gumble>test</gumble>
          </jumble>
        </frumble>
      </only-in-first>
      <not-the-same>
        <a>alpha</a>
        <b>bravo</b>
        <c>charlie</c>
      </not-the-same>
      <also-not-the-same>
        <a>alpha</a>
        <b>bravo</b>
      </also-not-the-same>
    </distinct>
  </more>
  <even-more>
    <common>
      <has-spaces>
        <lots-of-spaces>
          <here>yes</here>
        </lots-of-spaces>
        <lots-of-spaces>
          <here>too</here>
        </lots-of-spaces>
      </has-spaces>
      <in-both>
        <interface>
          <name>ge-1/1/1</name>
          <unit>
            <name>1</name>
            <vlan-id>1</vlan-id>
            <family>
              <inet>
                <address>
                  <name>1.1.1.1/30</name>
                </address>
              </inet>
              <mpls/>
            </family>
          </unit>
        </interface>
      </in-both>
    </common>
    <distinct>
      <only-in-first>
        <mumble>
          <jumble>
            <gumble>test</gumble>
          </jumble>
        </mumble>
        <frumble>
          <jumble>
            <gumble>test</gumble>
          </jumble>
        </frumble>
      </only-in-first>
      <not-the-same>
        <a>alpha</a>
        <b>bravo</b>
        <c>charlie</c>
      </not-the-same>
      <also-not-the-same>
        <a>alpha</a>
        <b>bravo</b>
      </also-not-the-same>
    </distinct>
  </even-more>
</top>
