<?xml version="1.0"?>
<top>
  <scalar>
    <var>one</var>
    <var>one-and-two</var>
    <var>111</var>
    <var>111222</var>
    <var>111222333</var>
    <var>111222333444</var>
    <save>one</save>
  </scalar>
  <non-scalars>
    <var>
      <one>one</one>
    </var>
    <var>
      <one>one</one>
      <two>two</two>
    </var>
    <var>
      <one>one</one>
      <two>two</two>
      <three>three</three>
    </var>
    <var>
      <one>one</one>
      <two>two</two>
      <three>three</three>
      <four>four</four>
    </var>
    <save>
      <one>one</one>
      <two>two</two>
      <three>three</three>
      <four>four</four>
    </save>
  </non-scalars>
  <append-scalars>
    <var>
      <one>one</one>
    </var>
    <var>
      <one>one</one>
      <text>two</text>
    </var>
    <var>
      <one>one</one>
      <text>two</text>
      <text>three</text>
    </var>
    <var>
      <one>one</one>
      <text>two</text>
      <text>three</text>
      <four>four</four>
    </var>
    <save>
      <one>one</one>
      <text>two</text>
      <text>three</text>
      <four>four</four>
    </save>
  </append-scalars>
  <to-scalars>
    <var>one</var>
    <var>
      <two>two</two>
    </var>
    <var>
      <two>two</two>
      <text>three</text>
    </var>
    <var>
      <two>two</two>
      <text>three</text>
      <four>four</four>
    </var>
    <save>
      <two>two</two>
    </save>
  </to-scalars>
  <set/>
</top>
